<!DOCTYPE html>
<html xmlns="http://www.w3.org/1999/xhtml">
<head>
    <title/>
</head>
<body>
    <div translate="test_key"></div>
    <div translate="ns.test_key"></div>
    <button translate="ns1.ns2.test_key"></button>
    <span translate="ns1.ns3.test_key"></span>

    <script type="text/ng-template" id="test.html">
        <div translate="template.test_key"></div>
        <button translate="template.ns2.test_key"></button>
        <span translate="template.ns3.test_key"></span>
    </script>
</body>
</html>
