{"test_key":"test_key","ns":{"test_key":"ns.test_key"},"ns1":{"ns2":{"test_key":"ns1.ns2.test_key"},"ns3":{"test_key":"ns1.ns3.test_key"}}}